CASE_START google-search-notebook-retry
CASE_END google-search-notebook-retry success=False actions=30 model_calls=6 model_errors=0 failure=decision_required
CASE_START bbc-news-retry
CASE_END bbc-news-retry success=True actions=11 model_calls=1 model_errors=0 failure=
CASE_START duckduckgo-linux-retry
CASE_END duckduckgo-linux-retry success=False actions=15 model_calls=2 model_errors=0 failure=model_schema_invalid
CASE_START github-explore-retry
CASE_END github-explore-retry success=True actions=11 model_calls=1 model_errors=0 failure=
CASE_START wikipedia-python-retry
CASE_END wikipedia-python-retry success=True actions=11 model_calls=1 model_errors=0 failure=
{
  "provider": "minimax",
  "model": "MiniMax-M3",
  "cases": [
    {
      "case_id": "google-search-notebook-retry",
      "success": false,
      "runner_success": false,
      "verified_success": false,
      "human_confirmed": false,
      "outcome": "verification_failed",
      "failure_code": "decision_required",
      "challenge_kind": "",
      "handoff_required": false,
      "final_scene_version": 7,
      "attempts": 5,
      "max_attempts": 5,
      "action_count": 30,
      "model_call_count": 6,
      "model_error_count": 0,
      "model_tokens": 5912,
      "compile_call_count": 1,
      "grounding_call_count": 5,
      "provider": "minimax",
      "model": "MiniMax-M3",
      "selected_text": "",
      "failure": "decision_required",
      "actions": [
        {
          "kind": "capture",
          "detail": "pre_navigate v=1",
          "ok": true
        },
        {
          "kind": "focus",
          "detail": "Desktop",
          "ok": true
        },
        {
          "kind": "key",
          "detail": "new_tab",
          "ok": true
        },
        {
          "kind": "click",
          "detail": "omnibox",
          "ok": true
        },
        {
          "kind": "key",
          "detail": "focus_location",
          "ok": true
        },
        {
          "kind": "key",
          "detail": "select_all",
          "ok": true
        },
        {
          "kind": "type",
          "detail": "url",
          "ok": true
        },
        {
          "kind": "key",
          "detail": "Enter",
          "ok": true
        },
        {
          "kind": "capture",
          "detail": "navigate_settle v=2",
          "ok": true
        },
        {
          "kind": "settle",
          "detail": "navigate_settle",
          "ok": true
        },
        {
          "kind": "capture",
          "detail": "attempt-1 v=3",
          "ok": true
        },
        {
          "kind": "model",
          "detail": "minimax/MiniMax-M3",
          "ok": true
        },
        {
          "kind": "model_schema",
          "detail": "strict_action_rejected",
          "ok": false
        },
        {
          "kind": "decision",
          "detail": "no_model_decision",
          "ok": false
        },
        {
          "kind": "capture",
          "detail": "attempt-2 v=4",
          "ok": true
        },
        {
          "kind": "model",
          "detail": "minimax/MiniMax-M3",
          "ok": true
        },
        {
          "kind": "model_schema",
          "detail": "strict_action_rejected",
          "ok": false
        },
        {
          "kind": "decision",
          "detail": "no_model_decision",
          "ok": false
        },
        {
          "kind": "capture",
          "detail": "attempt-3 v=5",
          "ok": true
        },
        {
          "kind": "model",
          "detail": "minimax/MiniMax-M3",
          "ok": true
        },
        {
          "kind": "model_schema",
          "detail": "strict_action_rejected",
          "ok": false
        },
        {
          "kind": "decision",
          "detail": "no_model_decision",
          "ok": false
        },
        {
          "kind": "capture",
          "detail": "attempt-4 v=6",
          "ok": true
        },
        {
          "kind": "model",
          "detail": "minimax/MiniMax-M3",
          "ok": true
        },
        {
          "kind": "model_schema",
          "detail": "strict_action_rejected",
          "ok": false
        },
        {
          "kind": "decision",
          "detail": "no_model_decision",
          "ok": false
        },
        {
          "kind": "capture",
          "detail": "attempt-5 v=7",
          "ok": true
        },
        {
          "kind": "model",
          "detail": "minimax/MiniMax-M3",
          "ok": true
        },
        {
          "kind": "model_schema",
          "detail": "strict_action_rejected",
          "ok": false
        },
        {
          "kind": "decision",
          "detail": "no_model_decision",
          "ok": false
        }
      ],
      "ai_calls": [
        {
          "call_number": 1,
          "purpose": "plan_compile",
          "model": "MiniMax-M3",
          "prompt_length": 848,
          "provider": "minimax",
          "response_tokens": 1129,
          "latency_ms": 10337,
          "error": ""
        },
        {
          "call_number": 2,
          "purpose": "action_decision",
          "model": "MiniMax-M3",
          "prompt_length": 433,
          "provider": "minimax",
          "response_tokens": 803,
          "latency_ms": 8511,
          "error": ""
        },
        {
          "call_number": 3,
          "purpose": "action_decision",
          "model": "MiniMax-M3",
          "prompt_length": 1046,
          "provider": "minimax",
          "response_tokens": 995,
          "latency_ms": 2882,
          "error": ""
        },
        {
          "call_number": 4,
          "purpose": "action_decision",
          "model": "MiniMax-M3",
          "prompt_length": 1046,
          "provider": "minimax",
          "response_tokens": 995,
          "latency_ms": 14524,
          "error": ""
        },
        {
          "call_number": 5,
          "purpose": "action_decision",
          "model": "MiniMax-M3",
          "prompt_length": 1046,
          "provider": "minimax",
          "response_tokens": 995,
          "latency_ms": 2908,
          "error": ""
        },
        {
          "call_number": 6,
          "purpose": "action_decision",
          "model": "MiniMax-M3",
          "prompt_length": 1046,
          "provider": "minimax",
          "response_tokens": 995,
          "latency_ms": 2887,
          "error": ""
        }
      ],
      "evidence_status": "not_evaluated",
      "stale_rejection_count": 0,
      "reanalysis_count": 0,
      "elapsed_ms": 49567,
      "attempts_detail": [
        {
          "attempt": 1,
          "scene_version_start": 3,
          "selected_target": "",
          "action_ok": false,
          "post_scene_version": 0,
          "reanalysis_ok": false,
          "verification_satisfied": false,
          "model_call_start": 1,
          "model_call_end": 2,
          "failure": "decision_required"
        },
        {
          "attempt": 2,
          "scene_version_start": 4,
          "selected_target": "",
          "action_ok": false,
          "post_scene_version": 0,
          "reanalysis_ok": false,
          "verification_satisfied": false,
          "model_call_start": 2,
          "model_call_end": 3,
          "failure": "decision_required"
        },
        {
          "attempt": 3,
          "scene_version_start": 5,
          "selected_target": "",
          "action_ok": false,
          "post_scene_version": 0,
          "reanalysis_ok": false,
          "verification_satisfied": false,
          "model_call_start": 3,
          "model_call_end": 4,
          "failure": "decision_required"
        },
        {
          "attempt": 4,
          "scene_version_start": 6,
          "selected_target": "",
          "action_ok": false,
          "post_scene_version": 0,
          "reanalysis_ok": false,
          "verification_satisfied": false,
          "model_call_start": 4,
          "model_call_end": 5,
          "failure": "decision_required"
        },
        {
          "attempt": 5,
          "scene_version_start": 7,
          "selected_target": "",
          "action_ok": false,
          "post_scene_version": 0,
          "reanalysis_ok": false,
          "verification_satisfied": false,
          "model_call_start": 5,
          "model_call_end": 6,
          "failure": "decision_required"
        }
      ],
      "artifact_manifest": [
        "artifacts/retries/failed-cases-loop-09/google-search-notebook-retry.json"
      ]
    },
    {
      "case_id": "bbc-news-retry",
      "success": true,
      "runner_success": true,
      "verified_success": true,
      "human_confirmed": false,
      "outcome": "verified_success",
      "failure_code": "",
      "challenge_kind": "",
      "handoff_required": false,
      "final_scene_version": 0,
      "attempts": 0,
      "max_attempts": 5,
      "action_count": 11,
      "model_call_count": 1,
      "model_error_count": 0,
      "model_tokens": 638,
      "compile_call_count": 1,
      "grounding_call_count": 0,
      "provider": "minimax",
      "model": "MiniMax-M3",
      "selected_text": "",
      "failure": "",
      "actions": [
        {
          "kind": "capture",
          "detail": "pre_navigate v=8",
          "ok": true
        },
        {
          "kind": "focus",
          "detail": "Desktop",
          "ok": true
        },
        {
          "kind": "key",
          "detail": "new_tab",
          "ok": true
        },
        {
          "kind": "click",
          "detail": "omnibox",
          "ok": true
        },
        {
          "kind": "key",
          "detail": "focus_location",
          "ok": true
        },
        {
          "kind": "key",
          "detail": "select_all",
          "ok": true
        },
        {
          "kind": "type",
          "detail": "url",
          "ok": true
        },
        {
          "kind": "key",
          "detail": "Enter",
          "ok": true
        },
        {
          "kind": "capture",
          "detail": "navigate_settle v=9",
          "ok": true
        },
        {
          "kind": "settle",
          "detail": "navigate_settle",
          "ok": true
        },
        {
          "kind": "evidence",
          "detail": "after_navigate",
          "ok": true
        }
      ],
      "ai_calls": [
        {
          "call_number": 7,
          "purpose": "plan_compile",
          "model": "MiniMax-M3",
          "prompt_length": 811,
          "provider": "minimax",
          "response_tokens": 638,
          "latency_ms": 3266,
          "error": ""
        }
      ],
      "evidence_status": "satisfied",
      "stale_rejection_count": 0,
      "reanalysis_count": 0,
      "elapsed_ms": 6476,
      "attempts_detail": [],
      "artifact_manifest": [
        "artifacts/retries/failed-cases-loop-09/bbc-news-retry.json"
      ]
    },
    {
      "case_id": "duckduckgo-linux-retry",
      "success": false,
      "runner_success": false,
      "verified_success": false,
      "human_confirmed": false,
      "outcome": "model_failed",
      "failure_code": "model_schema_invalid",
      "challenge_kind": "",
      "handoff_required": false,
      "final_scene_version": 13,
      "attempts": 1,
      "max_attempts": 5,
      "action_count": 15,
      "model_call_count": 2,
      "model_error_count": 0,
      "model_tokens": 1309,
      "compile_call_count": 1,
      "grounding_call_count": 1,
      "provider": "minimax",
      "model": "MiniMax-M3",
      "selected_text": "",
      "failure": "model_schema_invalid",
      "actions": [
        {
          "kind": "capture",
          "detail": "pre_navigate v=10",
          "ok": true
        },
        {
          "kind": "focus",
          "detail": "Desktop",
          "ok": true
        },
        {
          "kind": "key",
          "detail": "new_tab",
          "ok": true
        },
        {
          "kind": "click",
          "detail": "omnibox",
          "ok": true
        },
        {
          "kind": "key",
          "detail": "focus_location",
          "ok": true
        },
        {
          "kind": "key",
          "detail": "select_all",
          "ok": true
        },
        {
          "kind": "type",
          "detail": "url",
          "ok": true
        },
        {
          "kind": "key",
          "detail": "Enter",
          "ok": true
        },
        {
          "kind": "capture",
          "detail": "navigate_settle v=11",
          "ok": true
        },
        {
          "kind": "settle",
          "detail": "navigate_settle",
          "ok": true
        },
        {
          "kind": "capture",
          "detail": "attempt-1 v=12",
          "ok": true
        },
        {
          "kind": "click",
          "detail": "(6 linux Q Protection. Privacy. Peace of mind. =",
          "ok": true
        },
        {
          "kind": "capture",
          "detail": "post_click v=13",
          "ok": true
        },
        {
          "kind": "settle",
          "detail": "post_click",
          "ok": true
        },
        {
          "kind": "reanalysis",
          "detail": "strict_reanalysis_rejected",
          "ok": false
        }
      ],
      "ai_calls": [
        {
          "call_number": 8,
          "purpose": "plan_compile",
          "model": "MiniMax-M3",
          "prompt_length": 824,
          "provider": "minimax",
          "response_tokens": 682,
          "latency_ms": 5046,
          "error": ""
        },
        {
          "call_number": 9,
          "purpose": "post_action_reanalysis",
          "model": "MiniMax-M3",
          "prompt_length": 896,
          "provider": "minimax",
          "response_tokens": 627,
          "latency_ms": 2935,
          "error": ""
        }
      ],
      "evidence_status": "not_evaluated",
      "stale_rejection_count": 1,
      "reanalysis_count": 0,
      "elapsed_ms": 13539,
      "attempts_detail": [
        {
          "attempt": 1,
          "scene_version_start": 12,
          "selected_target": "ocr_line_0",
          "action_ok": true,
          "post_scene_version": 13,
          "reanalysis_ok": false,
          "verification_satisfied": false,
          "model_call_start": 8,
          "model_call_end": 9,
          "failure": "model_schema_invalid"
        }
      ],
      "artifact_manifest": [
        "artifacts/retries/failed-cases-loop-09/duckduckgo-linux-retry.json"
      ]
    },
    {
      "case_id": "github-explore-retry",
      "success": true,
      "runner_success": true,
      "verified_success": true,
      "human_confirmed": false,
      "outcome": "verified_success",
      "failure_code": "",
      "challenge_kind": "",
      "handoff_required": false,
      "final_scene_version": 0,
      "attempts": 0,
      "max_attempts": 5,
      "action_count": 11,
      "model_call_count": 1,
      "model_error_count": 0,
      "model_tokens": 501,
      "compile_call_count": 1,
      "grounding_call_count": 0,
      "provider": "minimax",
      "model": "MiniMax-M3",
      "selected_text": "",
      "failure": "",
      "actions": [
        {
          "kind": "capture",
          "detail": "pre_navigate v=14",
          "ok": true
        },
        {
          "kind": "focus",
          "detail": "Desktop",
          "ok": true
        },
        {
          "kind": "key",
          "detail": "new_tab",
          "ok": true
        },
        {
          "kind": "click",
          "detail": "omnibox",
          "ok": true
        },
        {
          "kind": "key",
          "detail": "focus_location",
          "ok": true
        },
        {
          "kind": "key",
          "detail": "select_all",
          "ok": true
        },
        {
          "kind": "type",
          "detail": "url",
          "ok": true
        },
        {
          "kind": "key",
          "detail": "Enter",
          "ok": true
        },
        {
          "kind": "capture",
          "detail": "navigate_settle v=15",
          "ok": true
        },
        {
          "kind": "settle",
          "detail": "navigate_settle",
          "ok": true
        },
        {
          "kind": "evidence",
          "detail": "after_navigate",
          "ok": true
        }
      ],
      "ai_calls": [
        {
          "call_number": 10,
          "purpose": "plan_compile",
          "model": "MiniMax-M3",
          "prompt_length": 818,
          "provider": "minimax",
          "response_tokens": 501,
          "latency_ms": 3431,
          "error": ""
        }
      ],
      "evidence_status": "satisfied",
      "stale_rejection_count": 0,
      "reanalysis_count": 0,
      "elapsed_ms": 6566,
      "attempts_detail": [],
      "artifact_manifest": [
        "artifacts/retries/failed-cases-loop-09/github-explore-retry.json"
      ]
    },
    {
      "case_id": "wikipedia-python-retry",
      "success": true,
      "runner_success": true,
      "verified_success": true,
      "human_confirmed": false,
      "outcome": "verified_success",
      "failure_code": "",
      "challenge_kind": "",
      "handoff_required": false,
      "final_scene_version": 0,
      "attempts": 0,
      "max_attempts": 5,
      "action_count": 11,
      "model_call_count": 1,
      "model_error_count": 0,
      "model_tokens": 697,
      "compile_call_count": 1,
      "grounding_call_count": 0,
      "provider": "minimax",
      "model": "MiniMax-M3",
      "selected_text": "",
      "failure": "",
      "actions": [
        {
          "kind": "capture",
          "detail": "pre_navigate v=16",
          "ok": true
        },
        {
          "kind": "focus",
          "detail": "Desktop",
          "ok": true
        },
        {
          "kind": "key",
          "detail": "new_tab",
          "ok": true
        },
        {
          "kind": "click",
          "detail": "omnibox",
          "ok": true
        },
        {
          "kind": "key",
          "detail": "focus_location",
          "ok": true
        },
        {
          "kind": "key",
          "detail": "select_all",
          "ok": true
        },
        {
          "kind": "type",
          "detail": "url",
          "ok": true
        },
        {
          "kind": "key",
          "detail": "Enter",
          "ok": true
        },
        {
          "kind": "capture",
          "detail": "navigate_settle v=17",
          "ok": true
        },
        {
          "kind": "settle",
          "detail": "navigate_settle",
          "ok": true
        },
        {
          "kind": "evidence",
          "detail": "after_navigate",
          "ok": true
        }
      ],
      "ai_calls": [
        {
          "call_number": 11,
          "purpose": "plan_compile",
          "model": "MiniMax-M3",
          "prompt_length": 856,
          "provider": "minimax",
          "response_tokens": 697,
          "latency_ms": 5261,
          "error": ""
        }
      ],
      "evidence_status": "satisfied",
      "stale_rejection_count": 0,
      "reanalysis_count": 0,
      "elapsed_ms": 9136,
      "attempts_detail": [],
      "artifact_manifest": [
        "artifacts/retries/failed-cases-loop-09/wikipedia-python-retry.json"
      ]
    }
  ],
  "totals": {
    "cases": 5,
    "successes": 3,
    "action_count": 78,
    "model_call_count": 11,
    "model_error_count": 0,
    "model_tokens": 9057,
    "compile_call_count": 5,
    "grounding_call_count": 6,
    "purpose_call_counts": {
      "plan_compile": 5,
      "situation_analysis": 0,
      "action_decision": 5,
      "post_action_reanalysis": 1,
      "recovery_reanalysis": 0
    }
  }
}
